// Jest Snapshot v1, https://jestjs.io/docs/snapshot-testing

exports[`AppSidebar se renderiza correctamente 1`] = `
<DocumentFragment>
  <div>
    <aside
      class="fixed mt-16 flex flex-col lg:mt-0 top-0 px-5 left-0 bg-[#1E1E26] dark:bg-[#1E1E26] dark:border-gray-800 text-white h-screen transition-all duration-300 ease-in-out z-50 border-r border-[#1E1E26] text-lg
        w-[210px]
        -translate-x-full
        md:translate-x-0"
    >
      <div
        class="py-[22px] flex justify-start"
      >
        <a
          data-testid="link"
          href="/dashboard"
        >
          <img
            alt="Softcode Logo"
            height="47"
            src="https://www.softcode.es/wp-content/uploads/2024/09/logo-softcode.svg"
            width="180"
          />
        </a>
      </div>
      <div
        class="flex flex-1 flex-col overflow-y-auto duration-300 ease-linear no-scrollbar"
      >
        <nav
          class="mb-6"
        >
          <h2
            class="mb-4 text-xs uppercase flex leading-[20px] text-white justify-start"
          >
            Menu
          </h2>
          <ul
            class="flex flex-col gap-4"
          >
            <li>
              <a
                class="menu-item group menu-item-inactive lg:justify-start"
                data-testid="link"
                href="/dashboard"
              >
                <span
                  class="text-white group-hover:text-[#E93222] dark:text-white dark:group-hover:text-[#E93222]"
                >
                  <svg
                    data-testid="grid-icon"
                  />
                </span>
                <span
                  class="menu-item-text text-white group-hover:text-[#E93222]"
                >
                  Dashboard
                </span>
              </a>
            </li>
            <li>
              <a
                class="menu-item group menu-item-inactive lg:justify-start"
                data-testid="link"
                href="/projects"
              >
                <span
                  class="text-white group-hover:text-[#E93222] dark:text-white dark:group-hover:text-[#E93222]"
                >
                  <svg
                    data-testid="folder-icon"
                  />
                </span>
                <span
                  class="menu-item-text text-white group-hover:text-[#E93222]"
                >
                  Projects
                </span>
              </a>
            </li>
            <li>
              <a
                class="menu-item group menu-item-inactive lg:justify-start"
                data-testid="link"
                href="/clients"
              >
                <span
                  class="text-white group-hover:text-[#E93222] dark:text-white dark:group-hover:text-[#E93222]"
                >
                  <svg
                    data-testid="group-icon"
                  />
                </span>
                <span
                  class="menu-item-text text-white group-hover:text-[#E93222]"
                >
                  Clients
                </span>
              </a>
            </li>
            <li>
              <a
                class="menu-item group menu-item-inactive lg:justify-start"
                data-testid="link"
                href="/users"
              >
                <span
                  class="text-white group-hover:text-[#E93222] dark:text-white dark:group-hover:text-[#E93222]"
                >
                  <svg
                    data-testid="user-circle-icon"
                  />
                </span>
                <span
                  class="menu-item-text text-white group-hover:text-[#E93222]"
                >
                  Users
                </span>
              </a>
            </li>
            <li>
              <a
                class="menu-item group menu-item-inactive lg:justify-start"
                data-testid="link"
                href="/time-entries"
              >
                <span
                  class="text-white group-hover:text-[#E93222] dark:text-white dark:group-hover:text-[#E93222]"
                >
                  <svg
                    data-testid="time-icon"
                  />
                </span>
                <span
                  class="menu-item-text text-white group-hover:text-[#E93222]"
                >
                  Time Entries
                </span>
              </a>
            </li>
            <li>
              <a
                class="menu-item group menu-item-inactive lg:justify-start"
                data-testid="link"
                href="/budgets"
              >
                <span
                  class="text-white group-hover:text-[#E93222] dark:text-white dark:group-hover:text-[#E93222]"
                >
                  <svg
                    data-testid="dollar-line-icon"
                  />
                </span>
                <span
                  class="menu-item-text text-white group-hover:text-[#E93222]"
                >
                  Presupuestos
                </span>
              </a>
            </li>
          </ul>
        </nav>
      </div>
      <div
        class="-mx-5 w-[calc(100%+2.5rem)]"
      >
        <img
          alt="Softcode detail"
          class="w-full h-auto select-none pointer-events-none"
          height="207"
          src="https://www.softcode.es/wp-content/uploads/2024/09/detalle-banner-1.png"
          width="210"
        />
      </div>
    </aside>
  </div>
</DocumentFragment>
`;
